ARM Linker, 5.03 [Build 76] [MDK-ARM Standard]

==============================================================================

Section Cross References

    main.o(.text) refers to delay.o(.text) for delay_init
    main.o(.text) refers to misc.o(.text) for NVIC_PriorityGroupConfig
    main.o(.text) refers to usart1.o(.text) for Usart1_Init
    main.o(.text) refers to usart2.o(.text) for Usart2_Init
    main.o(.text) refers to timer.o(.text) for time2_init
    main.o(.text) refers to 4052.o(.text) for Switch_Init
    main.o(.text) refers to dectection.o(.text) for T800Dectect
    system_stm32f10x.o(.text) refers to system_stm32f10x.o(.data) for SystemCoreClock
    usart1.o(.text) refers to stm32f10x_rcc.o(.text) for RCC_AHBPeriphClockCmd
    usart1.o(.text) refers to stm32f10x_dma.o(.text) for DMA_DeInit
    usart1.o(.text) refers to misc.o(.text) for NVIC_Init
    usart1.o(.text) refers to stm32f10x_gpio.o(.text) for GPIO_Init
    usart1.o(.text) refers to stm32f10x_usart.o(.text) for USART_Init
    usart1.o(.text) refers to stm32f10x_tim.o(.text) for TIM_Cmd
    usart1.o(.text) refers to usart2.o(.text) for ReadOffSet
    usart1.o(.text) refers to timer.o(.text) for tim2Enable
    usart1.o(.text) refers to main.o(.bss) for Usart1buf
    usart1.o(.text) refers to main.o(.data) for NetState
    usart1.o(.text) refers to sogtransport.o(.bss) for SogData
    usart2.o(.text) refers to stm32f10x_rcc.o(.text) for RCC_AHBPeriphClockCmd
    usart2.o(.text) refers to stm32f10x_dma.o(.text) for DMA_DeInit
    usart2.o(.text) refers to misc.o(.text) for NVIC_Init
    usart2.o(.text) refers to stm32f10x_gpio.o(.text) for GPIO_Init
    usart2.o(.text) refers to stm32f10x_usart.o(.text) for USART_Init
    usart2.o(.text) refers to delay.o(.text) for delay_ms
    usart2.o(.text) refers to usart1.o(.text) for Com1SendData
    usart2.o(.text) refers to sogtransport.o(.text) for GPSInfo_Judge
    usart2.o(.text) refers to main.o(.bss) for Usart2buf
    usart2.o(.text) refers to main.o(.data) for FirstReadFlag
    4052.o(.text) refers to stm32f10x_rcc.o(.text) for RCC_APB2PeriphClockCmd
    4052.o(.text) refers to stm32f10x_gpio.o(.text) for GPIO_Init
    usart485.o(.text) refers to stm32f10x_rcc.o(.text) for RCC_APB2PeriphClockCmd
    usart485.o(.text) refers to stm32f10x_gpio.o(.text) for GPIO_Init
    dectection.o(.text) refers to stm32f10x_rcc.o(.text) for RCC_APB2PeriphClockCmd
    dectection.o(.text) refers to stm32f10x_gpio.o(.text) for GPIO_Init
    dectection.o(.text) refers to misc.o(.text) for NVIC_Init
    dectection.o(.text) refers to stm32f10x_exti.o(.text) for EXTI_ClearITPendingBit
    dectection.o(.text) refers to delay.o(.text) for delay_ms
    dectection.o(.text) refers to main.o(.data) for NetState
    dectection.o(.text) refers to main.o(.bss) for MMSI
    usart3.o(.text) refers to stm32f10x_rcc.o(.text) for RCC_APB1PeriphClockCmd
    usart3.o(.text) refers to stm32f10x_usart.o(.text) for USART_DeInit
    usart3.o(.text) refers to stm32f10x_gpio.o(.text) for GPIO_Init
    timer.o(.text) refers to stm32f10x_rcc.o(.text) for RCC_APB1PeriphClockCmd
    timer.o(.text) refers to stm32f10x_tim.o(.text) for TIM_DeInit
    timer.o(.text) refers to misc.o(.text) for NVIC_Init
    timer.o(.text) refers to stm32f10x_gpio.o(.text) for GPIO_ReadInputDataBit
    timer.o(.text) refers to usart2.o(.text) for ReadOffSet
    timer.o(.text) refers to main.o(.data) for Net_Sel
    timer.o(.text) refers to main.o(.bss) for Usart1buf
    sogtransport.o(.text) refers to main.o(.bss) for GPS
    sogtransport.o(.text) refers to main.o(.data) for EW
    sogtransport.o(.text) refers to sogtransport.o(.data) for validData
    sogtransport.o(.text) refers to sogtransport.o(.bss) for SogData
    startup_stm32f10x_hd.o(RESET) refers to startup_stm32f10x_hd.o(STACK) for __initial_sp
    startup_stm32f10x_hd.o(RESET) refers to startup_stm32f10x_hd.o(.text) for Reset_Handler
    startup_stm32f10x_hd.o(RESET) refers to stm32f10x_it.o(.text) for NMI_Handler
    startup_stm32f10x_hd.o(RESET) refers to dectection.o(.text) for EXTI9_5_IRQHandler
    startup_stm32f10x_hd.o(RESET) refers to timer.o(.text) for TIM2_IRQHandler
    startup_stm32f10x_hd.o(RESET) refers to usart1.o(.text) for USART1_IRQHandler
    startup_stm32f10x_hd.o(RESET) refers to usart2.o(.text) for USART2_IRQHandler
    startup_stm32f10x_hd.o(.text) refers to system_stm32f10x.o(.text) for SystemInit
    startup_stm32f10x_hd.o(.text) refers to entry.o(.ARM.Collect$$$$00000000) for __main
    stm32f10x_gpio.o(.text) refers to stm32f10x_rcc.o(.text) for RCC_APB2PeriphResetCmd
    stm32f10x_rcc.o(.text) refers to stm32f10x_rcc.o(.data) for APBAHBPrescTable
    stm32f10x_usart.o(.text) refers to stm32f10x_rcc.o(.text) for RCC_APB2PeriphResetCmd
    stm32f10x_tim.o(.text) refers to stm32f10x_rcc.o(.text) for RCC_APB2PeriphResetCmd
    delay.o(.text) refers to misc.o(.text) for SysTick_CLKSourceConfig
    delay.o(.text) refers to system_stm32f10x.o(.data) for SystemCoreClock
    delay.o(.text) refers to delay.o(.data) for fac_us
    sys.o(.text) refers to misc.o(.text) for NVIC_PriorityGroupConfig
    entry.o(.ARM.Collect$$$$00000000) refers (Special) to entry10a.o(.ARM.Collect$$$$0000000D) for __rt_final_cpp
    entry.o(.ARM.Collect$$$$00000000) refers (Special) to entry11a.o(.ARM.Collect$$$$0000000F) for __rt_final_exit
    entry.o(.ARM.Collect$$$$00000000) refers (Special) to entry7b.o(.ARM.Collect$$$$00000008) for _main_clock
    entry.o(.ARM.Collect$$$$00000000) refers (Special) to entry8b.o(.ARM.Collect$$$$0000000A) for _main_cpp_init
    entry.o(.ARM.Collect$$$$00000000) refers (Special) to entry9a.o(.ARM.Collect$$$$0000000B) for _main_init
    entry.o(.ARM.Collect$$$$00000000) refers (Special) to entry5.o(.ARM.Collect$$$$00000004) for _main_scatterload
    entry.o(.ARM.Collect$$$$00000000) refers (Special) to entry2.o(.ARM.Collect$$$$00000001) for _main_stk
    entry2.o(.ARM.Collect$$$$00000001) refers to entry2.o(.ARM.Collect$$$$00002712) for __lit__00000000
    entry2.o(.ARM.Collect$$$$00002712) refers to startup_stm32f10x_hd.o(STACK) for __initial_sp
    entry2.o(__vectab_stack_and_reset_area) refers to startup_stm32f10x_hd.o(STACK) for __initial_sp
    entry2.o(__vectab_stack_and_reset_area) refers to entry.o(.ARM.Collect$$$$00000000) for __main
    entry5.o(.ARM.Collect$$$$00000004) refers to init.o(.text) for __scatterload
    entry9a.o(.ARM.Collect$$$$0000000B) refers to main.o(.text) for main
    entry9b.o(.ARM.Collect$$$$0000000C) refers to main.o(.text) for main
    init.o(.text) refers to entry5.o(.ARM.Collect$$$$00000004) for __main_after_scatterload


==============================================================================

Removing Unused input sections from the image.

    Removing usart1.o(.data), (2 bytes).
    Removing usart485.o(.text), (52 bytes).
    Removing usart3.o(.text), (172 bytes).
    Removing core_cm3.o(.emb_text), (32 bytes).
    Removing startup_stm32f10x_hd.o(HEAP), (512 bytes).
    Removing stm32f10x_iwdg.o(.text), (64 bytes).
    Removing sys.o(.text), (12 bytes).

7 unused section(s) (total 846 bytes) removed from the image.

==============================================================================

Image Symbol Table

    Local Symbols

    Symbol Name                              Value     Ov Type        Size  Object(Section)

    ../clib/microlib/init/entry.s            0x00000000   Number         0  entry.o ABSOLUTE
    ../clib/microlib/init/entry.s            0x00000000   Number         0  entry7b.o ABSOLUTE
    ../clib/microlib/init/entry.s            0x00000000   Number         0  entry8a.o ABSOLUTE
    ../clib/microlib/init/entry.s            0x00000000   Number         0  entry8b.o ABSOLUTE
    ../clib/microlib/init/entry.s            0x00000000   Number         0  entry9a.o ABSOLUTE
    ../clib/microlib/init/entry.s            0x00000000   Number         0  entry9b.o ABSOLUTE
    ../clib/microlib/init/entry.s            0x00000000   Number         0  entry10a.o ABSOLUTE
    ../clib/microlib/init/entry.s            0x00000000   Number         0  entry11b.o ABSOLUTE
    ../clib/microlib/init/entry.s            0x00000000   Number         0  entry11a.o ABSOLUTE
    ../clib/microlib/init/entry.s            0x00000000   Number         0  entry10b.o ABSOLUTE
    ../clib/microlib/init/entry.s            0x00000000   Number         0  entry7a.o ABSOLUTE
    ../clib/microlib/init/entry.s            0x00000000   Number         0  entry5.o ABSOLUTE
    ../clib/microlib/init/entry.s            0x00000000   Number         0  entry2.o ABSOLUTE
    ..\CORE\core_cm3.c                       0x00000000   Number         0  core_cm3.o ABSOLUTE
    ..\CORE\startup_stm32f10x_hd.s           0x00000000   Number         0  startup_stm32f10x_hd.o ABSOLUTE
    ..\HARDWARE\4052\4052.c                  0x00000000   Number         0  4052.o ABSOLUTE
    ..\HARDWARE\SogTransport.c               0x00000000   Number         0  sogtransport.o ABSOLUTE
    ..\HARDWARE\USART\Usart485.c             0x00000000   Number         0  usart485.o ABSOLUTE
    ..\HARDWARE\USART\usart1.c               0x00000000   Number         0  usart1.o ABSOLUTE
    ..\HARDWARE\USART\usart2.c               0x00000000   Number         0  usart2.o ABSOLUTE
    ..\HARDWARE\USART\usart3.c               0x00000000   Number         0  usart3.o ABSOLUTE
    ..\HARDWARE\dectection.c                 0x00000000   Number         0  dectection.o ABSOLUTE
    ..\HARDWARE\timer\timer.c                0x00000000   Number         0  timer.o ABSOLUTE
    ..\STM32F10x_FWLib\src\misc.c            0x00000000   Number         0  misc.o ABSOLUTE
    ..\STM32F10x_FWLib\src\stm32f10x_dma.c   0x00000000   Number         0  stm32f10x_dma.o ABSOLUTE
    ..\STM32F10x_FWLib\src\stm32f10x_exti.c  0x00000000   Number         0  stm32f10x_exti.o ABSOLUTE
    ..\STM32F10x_FWLib\src\stm32f10x_gpio.c  0x00000000   Number         0  stm32f10x_gpio.o ABSOLUTE
    ..\STM32F10x_FWLib\src\stm32f10x_iwdg.c  0x00000000   Number         0  stm32f10x_iwdg.o ABSOLUTE
    ..\STM32F10x_FWLib\src\stm32f10x_rcc.c   0x00000000   Number         0  stm32f10x_rcc.o ABSOLUTE
    ..\STM32F10x_FWLib\src\stm32f10x_tim.c   0x00000000   Number         0  stm32f10x_tim.o ABSOLUTE
    ..\STM32F10x_FWLib\src\stm32f10x_usart.c 0x00000000   Number         0  stm32f10x_usart.o ABSOLUTE
    ..\SYSTEM\delay\delay.c                  0x00000000   Number         0  delay.o ABSOLUTE
    ..\SYSTEM\sys\sys.c                      0x00000000   Number         0  sys.o ABSOLUTE
    ..\\CORE\\core_cm3.c                     0x00000000   Number         0  core_cm3.o ABSOLUTE
    dc.s                                     0x00000000   Number         0  dc.o ABSOLUTE
    handlers.s                               0x00000000   Number         0  handlers.o ABSOLUTE
    init.s                                   0x00000000   Number         0  init.o ABSOLUTE
    main.c                                   0x00000000   Number         0  main.o ABSOLUTE
    stm32f10x_it.c                           0x00000000   Number         0  stm32f10x_it.o ABSOLUTE
    system_stm32f10x.c                       0x00000000   Number         0  system_stm32f10x.o ABSOLUTE
    RESET                                    0x08000000   Section      304  startup_stm32f10x_hd.o(RESET)
    .ARM.Collect$$$$00000000                 0x08000130   Section        0  entry.o(.ARM.Collect$$$$00000000)
    .ARM.Collect$$$$00000001                 0x08000130   Section        4  entry2.o(.ARM.Collect$$$$00000001)
    .ARM.Collect$$$$00000004                 0x08000134   Section        4  entry5.o(.ARM.Collect$$$$00000004)
    .ARM.Collect$$$$00000008                 0x08000138   Section        0  entry7b.o(.ARM.Collect$$$$00000008)
    .ARM.Collect$$$$0000000A                 0x08000138   Section        0  entry8b.o(.ARM.Collect$$$$0000000A)
    .ARM.Collect$$$$0000000B                 0x08000138   Section        8  entry9a.o(.ARM.Collect$$$$0000000B)
    .ARM.Collect$$$$0000000D                 0x08000140   Section        0  entry10a.o(.ARM.Collect$$$$0000000D)
    .ARM.Collect$$$$0000000F                 0x08000140   Section        0  entry11a.o(.ARM.Collect$$$$0000000F)
    .ARM.Collect$$$$00002712                 0x08000140   Section        4  entry2.o(.ARM.Collect$$$$00002712)
    __lit__00000000                          0x08000140   Data           4  entry2.o(.ARM.Collect$$$$00002712)
    .text                                    0x08000144   Section        0  main.o(.text)
    .text                                    0x0800016c   Section        0  stm32f10x_it.o(.text)
    .text                                    0x08000188   Section        0  system_stm32f10x.o(.text)
    SetSysClockTo72                          0x08000189   Thumb Code   212  system_stm32f10x.o(.text)
    SetSysClock                              0x0800025d   Thumb Code     8  system_stm32f10x.o(.text)
    .text                                    0x08000364   Section        0  usart1.o(.text)
    .text                                    0x08000a8c   Section        0  usart2.o(.text)
    .text                                    0x0800119c   Section        0  4052.o(.text)
    .text                                    0x08001210   Section        0  dectection.o(.text)
    .text                                    0x080013b0   Section        0  timer.o(.text)
    .text                                    0x08001590   Section        0  sogtransport.o(.text)
    .text                                    0x08001870   Section       36  startup_stm32f10x_hd.o(.text)
    .text                                    0x08001894   Section        0  misc.o(.text)
    .text                                    0x08001970   Section        0  stm32f10x_exti.o(.text)
    .text                                    0x08001a8c   Section        0  stm32f10x_gpio.o(.text)
    .text                                    0x08001de4   Section        0  stm32f10x_rcc.o(.text)
    .text                                    0x08002188   Section        0  stm32f10x_usart.o(.text)
    .text                                    0x08002590   Section        0  stm32f10x_dma.o(.text)
    .text                                    0x080027e0   Section        0  stm32f10x_tim.o(.text)
    TI4_Config                               0x08002c87   Thumb Code   130  stm32f10x_tim.o(.text)
    TI3_Config                               0x08002d1b   Thumb Code   122  stm32f10x_tim.o(.text)
    TI2_Config                               0x08002daf   Thumb Code   130  stm32f10x_tim.o(.text)
    TI1_Config                               0x08002e43   Thumb Code   108  stm32f10x_tim.o(.text)
    .text                                    0x080035fc   Section        0  delay.o(.text)
    .text                                    0x080036cc   Section       36  init.o(.text)
    i.__scatterload_copy                     0x080036f0   Section       14  handlers.o(i.__scatterload_copy)
    i.__scatterload_null                     0x080036fe   Section        2  handlers.o(i.__scatterload_null)
    i.__scatterload_zeroinit                 0x08003700   Section       14  handlers.o(i.__scatterload_zeroinit)
    .data                                    0x20000000   Section       59  main.o(.data)
    .data                                    0x2000003c   Section       20  system_stm32f10x.o(.data)
    .data                                    0x20000050   Section        3  sogtransport.o(.data)
    .data                                    0x20000053   Section       20  stm32f10x_rcc.o(.data)
    APBAHBPrescTable                         0x20000053   Data          16  stm32f10x_rcc.o(.data)
    ADCPrescTable                            0x20000063   Data           4  stm32f10x_rcc.o(.data)
    .data                                    0x20000068   Section        4  delay.o(.data)
    fac_us                                   0x20000068   Data           1  delay.o(.data)
    fac_ms                                   0x2000006a   Data           2  delay.o(.data)
    .bss                                     0x2000006c   Section      144  main.o(.bss)
    .bss                                     0x200000fc   Section       24  sogtransport.o(.bss)
    STACK                                    0x20000118   Section     1024  startup_stm32f10x_hd.o(STACK)

    Global Symbols

    Symbol Name                              Value     Ov Type        Size  Object(Section)

    BuildAttributes$$THM_ISAv4$P$D$K$B$S$PE$A:L22UL41UL21$X:L11$S22US41US21$IEEE1$IW$USESV6$~STKCKD$USESV7$~SHL$OSPACE$EBA8$MICROLIB$REQ8$PRES8$EABIv2 0x00000000   Number         0  anon$$obj.o ABSOLUTE
    __ARM_use_no_argv                        0x00000000   Number         0  main.o ABSOLUTE
    __cpp_initialize__aeabi_                  - Undefined Weak Reference
    __cxa_finalize                            - Undefined Weak Reference
    __decompress                              - Undefined Weak Reference
    _clock_init                               - Undefined Weak Reference
    _microlib_exit                            - Undefined Weak Reference
    __Vectors_Size                           0x00000130   Number         0  startup_stm32f10x_hd.o ABSOLUTE
    __Vectors                                0x08000000   Data           4  startup_stm32f10x_hd.o(RESET)
    __Vectors_End                            0x08000130   Data           0  startup_stm32f10x_hd.o(RESET)
    __main                                   0x08000131   Thumb Code     0  entry.o(.ARM.Collect$$$$00000000)
    _main_stk                                0x08000131   Thumb Code     0  entry2.o(.ARM.Collect$$$$00000001)
    _main_scatterload                        0x08000135   Thumb Code     0  entry5.o(.ARM.Collect$$$$00000004)
    __main_after_scatterload                 0x08000139   Thumb Code     0  entry5.o(.ARM.Collect$$$$00000004)
    _main_clock                              0x08000139   Thumb Code     0  entry7b.o(.ARM.Collect$$$$00000008)
    _main_cpp_init                           0x08000139   Thumb Code     0  entry8b.o(.ARM.Collect$$$$0000000A)
    _main_init                               0x08000139   Thumb Code     0  entry9a.o(.ARM.Collect$$$$0000000B)
    __rt_final_cpp                           0x08000141   Thumb Code     0  entry10a.o(.ARM.Collect$$$$0000000D)
    __rt_final_exit                          0x08000141   Thumb Code     0  entry11a.o(.ARM.Collect$$$$0000000F)
    main                                     0x08000145   Thumb Code    40  main.o(.text)
    NMI_Handler                              0x0800016d   Thumb Code     2  stm32f10x_it.o(.text)
    HardFault_Handler                        0x0800016f   Thumb Code     4  stm32f10x_it.o(.text)
    MemManage_Handler                        0x08000173   Thumb Code     4  stm32f10x_it.o(.text)
    BusFault_Handler                         0x08000177   Thumb Code     4  stm32f10x_it.o(.text)
    UsageFault_Handler                       0x0800017b   Thumb Code     4  stm32f10x_it.o(.text)
    SVC_Handler                              0x0800017f   Thumb Code     2  stm32f10x_it.o(.text)
    DebugMon_Handler                         0x08000181   Thumb Code     2  stm32f10x_it.o(.text)
    PendSV_Handler                           0x08000183   Thumb Code     2  stm32f10x_it.o(.text)
    SysTick_Handler                          0x08000185   Thumb Code     2  stm32f10x_it.o(.text)
    SystemInit                               0x08000265   Thumb Code    78  system_stm32f10x.o(.text)
    SystemCoreClockUpdate                    0x080002b3   Thumb Code   142  system_stm32f10x.o(.text)
    USART1_DMA_Configuration                 0x08000365   Thumb Code    80  usart1.o(.text)
    USART1_NVIC_Configuration                0x080003b5   Thumb Code    34  usart1.o(.text)
    USART1_GPIO_Configuration                0x080003d7   Thumb Code    60  usart1.o(.text)
    USART1_MODE_Configuration                0x08000413   Thumb Code    44  usart1.o(.text)
    Usart1_Init                              0x0800043f   Thumb Code    88  usart1.o(.text)
    FirstRead                                0x08000497   Thumb Code   296  usart1.o(.text)
    T800Info                                 0x080005bf   Thumb Code   234  usart1.o(.text)
    Com1GetData                              0x080006a9   Thumb Code   536  usart1.o(.text)
    msg_crc                                  0x080008c1   Thumb Code    80  usart1.o(.text)
    USART1_IRQHandler                        0x08000911   Thumb Code   142  usart1.o(.text)
    Com1SendData                             0x0800099f   Thumb Code    74  usart1.o(.text)
    ReadInit                                 0x080009e9   Thumb Code   128  usart1.o(.text)
    USART2_DMA_Configuration                 0x08000a8d   Thumb Code    80  usart2.o(.text)
    USART2_NVIC_Configuration                0x08000add   Thumb Code    34  usart2.o(.text)
    USART2_GPIO_Configuration                0x08000aff   Thumb Code    56  usart2.o(.text)
    USART2_MODE_Configuration                0x08000b37   Thumb Code    44  usart2.o(.text)
    Usart2_Init                              0x08000b63   Thumb Code   108  usart2.o(.text)
    Usart1Send                               0x08000bcf   Thumb Code   122  usart2.o(.text)
    Com2SendData                             0x08000c49   Thumb Code   172  usart2.o(.text)
    replyAsk                                 0x08000cf5   Thumb Code   204  usart2.o(.text)
    NetStatejudge                            0x08000dc1   Thumb Code   358  usart2.o(.text)
    ReadSog_Cog                              0x08000f27   Thumb Code    36  usart2.o(.text)
    GPSInfoSend                              0x08000f4b   Thumb Code   188  usart2.o(.text)
    Com2GetData                              0x08001007   Thumb Code   116  usart2.o(.text)
    USART2_IRQHandler                        0x0800107b   Thumb Code   106  usart2.o(.text)
    OpenSerial                               0x080010e5   Thumb Code    42  usart2.o(.text)
    ReadOffSet                               0x0800110f   Thumb Code    36  usart2.o(.text)
    CloseSerial                              0x08001133   Thumb Code    42  usart2.o(.text)
    GPIO_4052Init                            0x0800119d   Thumb Code    94  4052.o(.text)
    Switch_Init                              0x080011fb   Thumb Code    16  4052.o(.text)
    Dectect_GPIO_Config                      0x08001211   Thumb Code    62  dectection.o(.text)
    Dectect_NIVC_Config                      0x0800124f   Thumb Code    40  dectection.o(.text)
    Dectect_EXTI_Config                      0x08001277   Thumb Code   130  dectection.o(.text)
    T800Dectect                              0x080012f9   Thumb Code    16  dectection.o(.text)
    EXTI9_5_IRQHandler                       0x08001309   Thumb Code   154  dectection.o(.text)
    time2_init                               0x080013b1   Thumb Code   100  timer.o(.text)
    ReadNext                                 0x08001415   Thumb Code   150  timer.o(.text)
    TIM2_IRQHandler                          0x080014ab   Thumb Code   178  timer.o(.text)
    tim2Enable                               0x0800155d   Thumb Code    24  timer.o(.text)
    GPSInfoPack                              0x08001591   Thumb Code    68  sogtransport.o(.text)
    CompareValue                             0x080015d5   Thumb Code    14  sogtransport.o(.text)
    midValue                                 0x080015e3   Thumb Code    94  sogtransport.o(.text)
    RightNetJude                             0x08001641   Thumb Code    24  sogtransport.o(.text)
    TailNetJude                              0x08001659   Thumb Code    24  sogtransport.o(.text)
    leftNetJude                              0x08001671   Thumb Code    24  sogtransport.o(.text)
    GPSInfo_Judge                            0x08001689   Thumb Code   434  sogtransport.o(.text)
    Reset_Handler                            0x08001871   Thumb Code     8  startup_stm32f10x_hd.o(.text)
    ADC1_2_IRQHandler                        0x0800188b   Thumb Code     0  startup_stm32f10x_hd.o(.text)
    ADC3_IRQHandler                          0x0800188b   Thumb Code     0  startup_stm32f10x_hd.o(.text)
    CAN1_RX1_IRQHandler                      0x0800188b   Thumb Code     0  startup_stm32f10x_hd.o(.text)
    CAN1_SCE_IRQHandler                      0x0800188b   Thumb Code     0  startup_stm32f10x_hd.o(.text)
    DMA1_Channel1_IRQHandler                 0x0800188b   Thumb Code     0  startup_stm32f10x_hd.o(.text)
    DMA1_Channel2_IRQHandler                 0x0800188b   Thumb Code     0  startup_stm32f10x_hd.o(.text)
    DMA1_Channel3_IRQHandler                 0x0800188b   Thumb Code     0  startup_stm32f10x_hd.o(.text)
    DMA1_Channel4_IRQHandler                 0x0800188b   Thumb Code     0  startup_stm32f10x_hd.o(.text)
    DMA1_Channel5_IRQHandler                 0x0800188b   Thumb Code     0  startup_stm32f10x_hd.o(.text)
    DMA1_Channel6_IRQHandler                 0x0800188b   Thumb Code     0  startup_stm32f10x_hd.o(.text)
    DMA1_Channel7_IRQHandler                 0x0800188b   Thumb Code     0  startup_stm32f10x_hd.o(.text)
    DMA2_Channel1_IRQHandler                 0x0800188b   Thumb Code     0  startup_stm32f10x_hd.o(.text)
    DMA2_Channel2_IRQHandler                 0x0800188b   Thumb Code     0  startup_stm32f10x_hd.o(.text)
    DMA2_Channel3_IRQHandler                 0x0800188b   Thumb Code     0  startup_stm32f10x_hd.o(.text)
    DMA2_Channel4_5_IRQHandler               0x0800188b   Thumb Code     0  startup_stm32f10x_hd.o(.text)
    EXTI0_IRQHandler                         0x0800188b   Thumb Code     0  startup_stm32f10x_hd.o(.text)
    EXTI15_10_IRQHandler                     0x0800188b   Thumb Code     0  startup_stm32f10x_hd.o(.text)
    EXTI1_IRQHandler                         0x0800188b   Thumb Code     0  startup_stm32f10x_hd.o(.text)
    EXTI2_IRQHandler                         0x0800188b   Thumb Code     0  startup_stm32f10x_hd.o(.text)
    EXTI3_IRQHandler                         0x0800188b   Thumb Code     0  startup_stm32f10x_hd.o(.text)
    EXTI4_IRQHandler                         0x0800188b   Thumb Code     0  startup_stm32f10x_hd.o(.text)
    FLASH_IRQHandler                         0x0800188b   Thumb Code     0  startup_stm32f10x_hd.o(.text)
    FSMC_IRQHandler                          0x0800188b   Thumb Code     0  startup_stm32f10x_hd.o(.text)
    I2C1_ER_IRQHandler                       0x0800188b   Thumb Code     0  startup_stm32f10x_hd.o(.text)
    I2C1_EV_IRQHandler                       0x0800188b   Thumb Code     0  startup_stm32f10x_hd.o(.text)
    I2C2_ER_IRQHandler                       0x0800188b   Thumb Code     0  startup_stm32f10x_hd.o(.text)
    I2C2_EV_IRQHandler                       0x0800188b   Thumb Code     0  startup_stm32f10x_hd.o(.text)
    PVD_IRQHandler                           0x0800188b   Thumb Code     0  startup_stm32f10x_hd.o(.text)
    RCC_IRQHandler                           0x0800188b   Thumb Code     0  startup_stm32f10x_hd.o(.text)
    RTCAlarm_IRQHandler                      0x0800188b   Thumb Code     0  startup_stm32f10x_hd.o(.text)
    RTC_IRQHandler                           0x0800188b   Thumb Code     0  startup_stm32f10x_hd.o(.text)
    SDIO_IRQHandler                          0x0800188b   Thumb Code     0  startup_stm32f10x_hd.o(.text)
    SPI1_IRQHandler                          0x0800188b   Thumb Code     0  startup_stm32f10x_hd.o(.text)
    SPI2_IRQHandler                          0x0800188b   Thumb Code     0  startup_stm32f10x_hd.o(.text)
    SPI3_IRQHandler                          0x0800188b   Thumb Code     0  startup_stm32f10x_hd.o(.text)
    TAMPER_IRQHandler                        0x0800188b   Thumb Code     0  startup_stm32f10x_hd.o(.text)
    TIM1_BRK_IRQHandler                      0x0800188b   Thumb Code     0  startup_stm32f10x_hd.o(.text)
    TIM1_CC_IRQHandler                       0x0800188b   Thumb Code     0  startup_stm32f10x_hd.o(.text)
    TIM1_TRG_COM_IRQHandler                  0x0800188b   Thumb Code     0  startup_stm32f10x_hd.o(.text)
    TIM1_UP_IRQHandler                       0x0800188b   Thumb Code     0  startup_stm32f10x_hd.o(.text)
    TIM3_IRQHandler                          0x0800188b   Thumb Code     0  startup_stm32f10x_hd.o(.text)
    TIM4_IRQHandler                          0x0800188b   Thumb Code     0  startup_stm32f10x_hd.o(.text)
    TIM5_IRQHandler                          0x0800188b   Thumb Code     0  startup_stm32f10x_hd.o(.text)
    TIM6_IRQHandler                          0x0800188b   Thumb Code     0  startup_stm32f10x_hd.o(.text)
    TIM7_IRQHandler                          0x0800188b   Thumb Code     0  startup_stm32f10x_hd.o(.text)
    TIM8_BRK_IRQHandler                      0x0800188b   Thumb Code     0  startup_stm32f10x_hd.o(.text)
    TIM8_CC_IRQHandler                       0x0800188b   Thumb Code     0  startup_stm32f10x_hd.o(.text)
    TIM8_TRG_COM_IRQHandler                  0x0800188b   Thumb Code     0  startup_stm32f10x_hd.o(.text)
    TIM8_UP_IRQHandler                       0x0800188b   Thumb Code     0  startup_stm32f10x_hd.o(.text)
    UART4_IRQHandler                         0x0800188b   Thumb Code     0  startup_stm32f10x_hd.o(.text)
    UART5_IRQHandler                         0x0800188b   Thumb Code     0  startup_stm32f10x_hd.o(.text)
    USART3_IRQHandler                        0x0800188b   Thumb Code     0  startup_stm32f10x_hd.o(.text)
    USBWakeUp_IRQHandler                     0x0800188b   Thumb Code     0  startup_stm32f10x_hd.o(.text)
    USB_HP_CAN1_TX_IRQHandler                0x0800188b   Thumb Code     0  startup_stm32f10x_hd.o(.text)
    USB_LP_CAN1_RX0_IRQHandler               0x0800188b   Thumb Code     0  startup_stm32f10x_hd.o(.text)
    WWDG_IRQHandler                          0x0800188b   Thumb Code     0  startup_stm32f10x_hd.o(.text)
    NVIC_PriorityGroupConfig                 0x08001895   Thumb Code    10  misc.o(.text)
    NVIC_Init                                0x0800189f   Thumb Code   102  misc.o(.text)
    NVIC_SetVectorTable                      0x08001905   Thumb Code    14  misc.o(.text)
    NVIC_SystemLPConfig                      0x08001913   Thumb Code    34  misc.o(.text)
    SysTick_CLKSourceConfig                  0x08001935   Thumb Code    40  misc.o(.text)
    EXTI_DeInit                              0x08001971   Thumb Code    28  stm32f10x_exti.o(.text)
    EXTI_Init                                0x0800198d   Thumb Code   142  stm32f10x_exti.o(.text)
    EXTI_StructInit                          0x08001a1b   Thumb Code    16  stm32f10x_exti.o(.text)
    EXTI_GenerateSWInterrupt                 0x08001a2b   Thumb Code    16  stm32f10x_exti.o(.text)
    EXTI_GetFlagStatus                       0x08001a3b   Thumb Code    22  stm32f10x_exti.o(.text)
    EXTI_ClearFlag                           0x08001a51   Thumb Code     8  stm32f10x_exti.o(.text)
    EXTI_GetITStatus                         0x08001a59   Thumb Code    34  stm32f10x_exti.o(.text)
    EXTI_ClearITPendingBit                   0x08001a7b   Thumb Code     8  stm32f10x_exti.o(.text)
    GPIO_DeInit                              0x08001a8d   Thumb Code   172  stm32f10x_gpio.o(.text)
    GPIO_AFIODeInit                          0x08001b39   Thumb Code    20  stm32f10x_gpio.o(.text)
    GPIO_Init                                0x08001b4d   Thumb Code   274  stm32f10x_gpio.o(.text)
    GPIO_StructInit                          0x08001c5f   Thumb Code    16  stm32f10x_gpio.o(.text)
    GPIO_ReadInputDataBit                    0x08001c6f   Thumb Code    18  stm32f10x_gpio.o(.text)
    GPIO_ReadInputData                       0x08001c81   Thumb Code     8  stm32f10x_gpio.o(.text)
    GPIO_ReadOutputDataBit                   0x08001c89   Thumb Code    18  stm32f10x_gpio.o(.text)
    GPIO_ReadOutputData                      0x08001c9b   Thumb Code     8  stm32f10x_gpio.o(.text)
    GPIO_SetBits                             0x08001ca3   Thumb Code     4  stm32f10x_gpio.o(.text)
    GPIO_ResetBits                           0x08001ca7   Thumb Code     4  stm32f10x_gpio.o(.text)
    GPIO_WriteBit                            0x08001cab   Thumb Code    10  stm32f10x_gpio.o(.text)
    GPIO_Write                               0x08001cb5   Thumb Code     4  stm32f10x_gpio.o(.text)
    GPIO_PinLockConfig                       0x08001cb9   Thumb Code    18  stm32f10x_gpio.o(.text)
    GPIO_EventOutputConfig                   0x08001ccb   Thumb Code    26  stm32f10x_gpio.o(.text)
    GPIO_EventOutputCmd                      0x08001ce5   Thumb Code     6  stm32f10x_gpio.o(.text)
    GPIO_PinRemapConfig                      0x08001ceb   Thumb Code   138  stm32f10x_gpio.o(.text)
    GPIO_EXTILineConfig                      0x08001d75   Thumb Code    66  stm32f10x_gpio.o(.text)
    GPIO_ETH_MediaInterfaceConfig            0x08001db7   Thumb Code     6  stm32f10x_gpio.o(.text)
    RCC_DeInit                               0x08001de5   Thumb Code    64  stm32f10x_rcc.o(.text)
    RCC_HSEConfig                            0x08001e25   Thumb Code    70  stm32f10x_rcc.o(.text)
    RCC_GetFlagStatus                        0x08001e6b   Thumb Code    56  stm32f10x_rcc.o(.text)
    RCC_WaitForHSEStartUp                    0x08001ea3   Thumb Code    56  stm32f10x_rcc.o(.text)
    RCC_AdjustHSICalibrationValue            0x08001edb   Thumb Code    20  stm32f10x_rcc.o(.text)
    RCC_HSICmd                               0x08001eef   Thumb Code     6  stm32f10x_rcc.o(.text)
    RCC_PLLConfig                            0x08001ef5   Thumb Code    24  stm32f10x_rcc.o(.text)
    RCC_PLLCmd                               0x08001f0d   Thumb Code     6  stm32f10x_rcc.o(.text)
    RCC_SYSCLKConfig                         0x08001f13   Thumb Code    18  stm32f10x_rcc.o(.text)
    RCC_GetSYSCLKSource                      0x08001f25   Thumb Code    10  stm32f10x_rcc.o(.text)
    RCC_HCLKConfig                           0x08001f2f   Thumb Code    18  stm32f10x_rcc.o(.text)
    RCC_PCLK1Config                          0x08001f41   Thumb Code    18  stm32f10x_rcc.o(.text)
    RCC_PCLK2Config                          0x08001f53   Thumb Code    20  stm32f10x_rcc.o(.text)
    RCC_ITConfig                             0x08001f67   Thumb Code    26  stm32f10x_rcc.o(.text)
    RCC_USBCLKConfig                         0x08001f81   Thumb Code     6  stm32f10x_rcc.o(.text)
    RCC_ADCCLKConfig                         0x08001f87   Thumb Code    18  stm32f10x_rcc.o(.text)
    RCC_LSEConfig                            0x08001f99   Thumb Code    44  stm32f10x_rcc.o(.text)
    RCC_LSICmd                               0x08001fc5   Thumb Code     6  stm32f10x_rcc.o(.text)
    RCC_RTCCLKConfig                         0x08001fcb   Thumb Code    12  stm32f10x_rcc.o(.text)
    RCC_RTCCLKCmd                            0x08001fd7   Thumb Code     8  stm32f10x_rcc.o(.text)
    RCC_GetClocksFreq                        0x08001fdf   Thumb Code   192  stm32f10x_rcc.o(.text)
    RCC_AHBPeriphClockCmd                    0x0800209f   Thumb Code    26  stm32f10x_rcc.o(.text)
    RCC_APB2PeriphClockCmd                   0x080020b9   Thumb Code    26  stm32f10x_rcc.o(.text)
    RCC_APB1PeriphClockCmd                   0x080020d3   Thumb Code    26  stm32f10x_rcc.o(.text)
    RCC_APB2PeriphResetCmd                   0x080020ed   Thumb Code    26  stm32f10x_rcc.o(.text)
    RCC_APB1PeriphResetCmd                   0x08002107   Thumb Code    26  stm32f10x_rcc.o(.text)
    RCC_BackupResetCmd                       0x08002121   Thumb Code     8  stm32f10x_rcc.o(.text)
    RCC_ClockSecuritySystemCmd               0x08002129   Thumb Code     6  stm32f10x_rcc.o(.text)
    RCC_MCOConfig                            0x0800212f   Thumb Code     6  stm32f10x_rcc.o(.text)
    RCC_ClearFlag                            0x08002135   Thumb Code    14  stm32f10x_rcc.o(.text)
    RCC_GetITStatus                          0x08002143   Thumb Code    20  stm32f10x_rcc.o(.text)
    RCC_ClearITPendingBit                    0x08002157   Thumb Code     6  stm32f10x_rcc.o(.text)
    USART_DeInit                             0x08002189   Thumb Code   134  stm32f10x_usart.o(.text)
    USART_Init                               0x0800220f   Thumb Code   210  stm32f10x_usart.o(.text)
    USART_StructInit                         0x080022e1   Thumb Code    24  stm32f10x_usart.o(.text)
    USART_ClockInit                          0x080022f9   Thumb Code    34  stm32f10x_usart.o(.text)
    USART_ClockStructInit                    0x0800231b   Thumb Code    12  stm32f10x_usart.o(.text)
    USART_Cmd                                0x08002327   Thumb Code    24  stm32f10x_usart.o(.text)
    USART_ITConfig                           0x0800233f   Thumb Code    74  stm32f10x_usart.o(.text)
    USART_DMACmd                             0x08002389   Thumb Code    18  stm32f10x_usart.o(.text)
    USART_SetAddress                         0x0800239b   Thumb Code    18  stm32f10x_usart.o(.text)
    USART_WakeUpConfig                       0x080023ad   Thumb Code    18  stm32f10x_usart.o(.text)
    USART_ReceiverWakeUpCmd                  0x080023bf   Thumb Code    24  stm32f10x_usart.o(.text)
    USART_LINBreakDetectLengthConfig         0x080023d7   Thumb Code    18  stm32f10x_usart.o(.text)
    USART_LINCmd                             0x080023e9   Thumb Code    24  stm32f10x_usart.o(.text)
    USART_SendData                           0x08002401   Thumb Code     8  stm32f10x_usart.o(.text)
    USART_ReceiveData                        0x08002409   Thumb Code    10  stm32f10x_usart.o(.text)
    USART_SendBreak                          0x08002413   Thumb Code    10  stm32f10x_usart.o(.text)
    USART_SetGuardTime                       0x0800241d   Thumb Code    16  stm32f10x_usart.o(.text)
    USART_SetPrescaler                       0x0800242d   Thumb Code    16  stm32f10x_usart.o(.text)
    USART_SmartCardCmd                       0x0800243d   Thumb Code    24  stm32f10x_usart.o(.text)
    USART_SmartCardNACKCmd                   0x08002455   Thumb Code    24  stm32f10x_usart.o(.text)
    USART_HalfDuplexCmd                      0x0800246d   Thumb Code    24  stm32f10x_usart.o(.text)
    USART_OverSampling8Cmd                   0x08002485   Thumb Code    22  stm32f10x_usart.o(.text)
    USART_OneBitMethodCmd                    0x0800249b   Thumb Code    24  stm32f10x_usart.o(.text)
    USART_IrDAConfig                         0x080024b3   Thumb Code    18  stm32f10x_usart.o(.text)
    USART_IrDACmd                            0x080024c5   Thumb Code    24  stm32f10x_usart.o(.text)
    USART_GetFlagStatus                      0x080024dd   Thumb Code    26  stm32f10x_usart.o(.text)
    USART_ClearFlag                          0x080024f7   Thumb Code    18  stm32f10x_usart.o(.text)
    USART_GetITStatus                        0x08002509   Thumb Code    84  stm32f10x_usart.o(.text)
    USART_ClearITPendingBit                  0x0800255d   Thumb Code    52  stm32f10x_usart.o(.text)
    DMA_DeInit                               0x08002591   Thumb Code   324  stm32f10x_dma.o(.text)
    DMA_Init                                 0x080026d5   Thumb Code    60  stm32f10x_dma.o(.text)
    DMA_StructInit                           0x08002711   Thumb Code    26  stm32f10x_dma.o(.text)
    DMA_Cmd                                  0x0800272b   Thumb Code    24  stm32f10x_dma.o(.text)
    DMA_ITConfig                             0x08002743   Thumb Code    18  stm32f10x_dma.o(.text)
    DMA_SetCurrDataCounter                   0x08002755   Thumb Code     4  stm32f10x_dma.o(.text)
    DMA_GetCurrDataCounter                   0x08002759   Thumb Code     8  stm32f10x_dma.o(.text)
    DMA_GetFlagStatus                        0x08002761   Thumb Code    38  stm32f10x_dma.o(.text)
    DMA_ClearFlag                            0x08002787   Thumb Code    22  stm32f10x_dma.o(.text)
    DMA_GetITStatus                          0x0800279d   Thumb Code    38  stm32f10x_dma.o(.text)
    DMA_ClearITPendingBit                    0x080027c3   Thumb Code    22  stm32f10x_dma.o(.text)
    TIM_DeInit                               0x080027e1   Thumb Code   424  stm32f10x_tim.o(.text)
    TIM_TimeBaseInit                         0x08002989   Thumb Code   122  stm32f10x_tim.o(.text)
    TIM_OC1Init                              0x08002a03   Thumb Code   132  stm32f10x_tim.o(.text)
    TIM_OC2Init                              0x08002a87   Thumb Code   154  stm32f10x_tim.o(.text)
    TIM_OC3Init                              0x08002b21   Thumb Code   150  stm32f10x_tim.o(.text)
    TIM_OC4Init                              0x08002bb7   Thumb Code   182  stm32f10x_tim.o(.text)
    TIM_SetIC4Prescaler                      0x08002c6d   Thumb Code    26  stm32f10x_tim.o(.text)
    TIM_SetIC3Prescaler                      0x08002d09   Thumb Code    18  stm32f10x_tim.o(.text)
    TIM_SetIC2Prescaler                      0x08002d95   Thumb Code    26  stm32f10x_tim.o(.text)
    TIM_SetIC1Prescaler                      0x08002e31   Thumb Code    18  stm32f10x_tim.o(.text)
    TIM_ICInit                               0x08002eaf   Thumb Code   150  stm32f10x_tim.o(.text)
    TIM_PWMIConfig                           0x08002f45   Thumb Code   124  stm32f10x_tim.o(.text)
    TIM_BDTRConfig                           0x08002fc1   Thumb Code    32  stm32f10x_tim.o(.text)
    TIM_TimeBaseStructInit                   0x08002fe1   Thumb Code    18  stm32f10x_tim.o(.text)
    TIM_OCStructInit                         0x08002ff3   Thumb Code    20  stm32f10x_tim.o(.text)
    TIM_ICStructInit                         0x08003007   Thumb Code    18  stm32f10x_tim.o(.text)
    TIM_BDTRStructInit                       0x08003019   Thumb Code    40  stm32f10x_tim.o(.text)
    TIM_Cmd                                  0x08003041   Thumb Code    24  stm32f10x_tim.o(.text)
    TIM_CtrlPWMOutputs                       0x08003059   Thumb Code    30  stm32f10x_tim.o(.text)
    TIM_ITConfig                             0x08003077   Thumb Code    18  stm32f10x_tim.o(.text)
    TIM_GenerateEvent                        0x08003089   Thumb Code     4  stm32f10x_tim.o(.text)
    TIM_DMAConfig                            0x0800308d   Thumb Code    10  stm32f10x_tim.o(.text)
    TIM_DMACmd                               0x08003097   Thumb Code    18  stm32f10x_tim.o(.text)
    TIM_InternalClockConfig                  0x080030a9   Thumb Code    12  stm32f10x_tim.o(.text)
    TIM_SelectInputTrigger                   0x080030b5   Thumb Code    18  stm32f10x_tim.o(.text)
    TIM_ITRxExternalClockConfig              0x080030c7   Thumb Code    24  stm32f10x_tim.o(.text)
    TIM_TIxExternalClockConfig               0x080030df   Thumb Code    62  stm32f10x_tim.o(.text)
    TIM_ETRConfig                            0x0800311d   Thumb Code    28  stm32f10x_tim.o(.text)
    TIM_ETRClockMode1Config                  0x08003139   Thumb Code    54  stm32f10x_tim.o(.text)
    TIM_ETRClockMode2Config                  0x0800316f   Thumb Code    32  stm32f10x_tim.o(.text)
    TIM_PrescalerConfig                      0x0800318f   Thumb Code     6  stm32f10x_tim.o(.text)
    TIM_CounterModeConfig                    0x08003195   Thumb Code    18  stm32f10x_tim.o(.text)
    TIM_EncoderInterfaceConfig               0x080031a7   Thumb Code    66  stm32f10x_tim.o(.text)
    TIM_ForcedOC1Config                      0x080031e9   Thumb Code    18  stm32f10x_tim.o(.text)
    TIM_ForcedOC2Config                      0x080031fb   Thumb Code    26  stm32f10x_tim.o(.text)
    TIM_ForcedOC3Config                      0x08003215   Thumb Code    18  stm32f10x_tim.o(.text)
    TIM_ForcedOC4Config                      0x08003227   Thumb Code    26  stm32f10x_tim.o(.text)
    TIM_ARRPreloadConfig                     0x08003241   Thumb Code    24  stm32f10x_tim.o(.text)
    TIM_SelectCOM                            0x08003259   Thumb Code    24  stm32f10x_tim.o(.text)
    TIM_SelectCCDMA                          0x08003271   Thumb Code    24  stm32f10x_tim.o(.text)
    TIM_CCPreloadControl                     0x08003289   Thumb Code    24  stm32f10x_tim.o(.text)
    TIM_OC1PreloadConfig                     0x080032a1   Thumb Code    18  stm32f10x_tim.o(.text)
    TIM_OC2PreloadConfig                     0x080032b3   Thumb Code    26  stm32f10x_tim.o(.text)
    TIM_OC3PreloadConfig                     0x080032cd   Thumb Code    18  stm32f10x_tim.o(.text)
    TIM_OC4PreloadConfig                     0x080032df   Thumb Code    26  stm32f10x_tim.o(.text)
    TIM_OC1FastConfig                        0x080032f9   Thumb Code    18  stm32f10x_tim.o(.text)
    TIM_OC2FastConfig                        0x0800330b   Thumb Code    26  stm32f10x_tim.o(.text)
    TIM_OC3FastConfig                        0x08003325   Thumb Code    18  stm32f10x_tim.o(.text)
    TIM_OC4FastConfig                        0x08003337   Thumb Code    26  stm32f10x_tim.o(.text)
    TIM_ClearOC1Ref                          0x08003351   Thumb Code    18  stm32f10x_tim.o(.text)
    TIM_ClearOC2Ref                          0x08003363   Thumb Code    24  stm32f10x_tim.o(.text)
    TIM_ClearOC3Ref                          0x0800337b   Thumb Code    18  stm32f10x_tim.o(.text)
    TIM_ClearOC4Ref                          0x0800338d   Thumb Code    24  stm32f10x_tim.o(.text)
    TIM_OC1PolarityConfig                    0x080033a5   Thumb Code    18  stm32f10x_tim.o(.text)
    TIM_OC1NPolarityConfig                   0x080033b7   Thumb Code    18  stm32f10x_tim.o(.text)
    TIM_OC2PolarityConfig                    0x080033c9   Thumb Code    26  stm32f10x_tim.o(.text)
    TIM_OC2NPolarityConfig                   0x080033e3   Thumb Code    26  stm32f10x_tim.o(.text)
    TIM_OC3PolarityConfig                    0x080033fd   Thumb Code    26  stm32f10x_tim.o(.text)
    TIM_OC3NPolarityConfig                   0x08003417   Thumb Code    26  stm32f10x_tim.o(.text)
    TIM_OC4PolarityConfig                    0x08003431   Thumb Code    26  stm32f10x_tim.o(.text)
    TIM_CCxCmd                               0x0800344b   Thumb Code    30  stm32f10x_tim.o(.text)
    TIM_CCxNCmd                              0x08003469   Thumb Code    30  stm32f10x_tim.o(.text)
    TIM_SelectOCxM                           0x08003487   Thumb Code    82  stm32f10x_tim.o(.text)
    TIM_UpdateDisableConfig                  0x080034d9   Thumb Code    24  stm32f10x_tim.o(.text)
    TIM_UpdateRequestConfig                  0x080034f1   Thumb Code    24  stm32f10x_tim.o(.text)
    TIM_SelectHallSensor                     0x08003509   Thumb Code    24  stm32f10x_tim.o(.text)
    TIM_SelectOnePulseMode                   0x08003521   Thumb Code    18  stm32f10x_tim.o(.text)
    TIM_SelectOutputTrigger                  0x08003533   Thumb Code    18  stm32f10x_tim.o(.text)
    TIM_SelectSlaveMode                      0x08003545   Thumb Code    18  stm32f10x_tim.o(.text)
    TIM_SelectMasterSlaveMode                0x08003557   Thumb Code    18  stm32f10x_tim.o(.text)
    TIM_SetCounter                           0x08003569   Thumb Code     4  stm32f10x_tim.o(.text)
    TIM_SetAutoreload                        0x0800356d   Thumb Code     4  stm32f10x_tim.o(.text)
    TIM_SetCompare1                          0x08003571   Thumb Code     4  stm32f10x_tim.o(.text)
    TIM_SetCompare2                          0x08003575   Thumb Code     4  stm32f10x_tim.o(.text)
    TIM_SetCompare3                          0x08003579   Thumb Code     4  stm32f10x_tim.o(.text)
    TIM_SetCompare4                          0x0800357d   Thumb Code     6  stm32f10x_tim.o(.text)
    TIM_SetClockDivision                     0x08003583   Thumb Code    18  stm32f10x_tim.o(.text)
    TIM_GetCapture1                          0x08003595   Thumb Code     6  stm32f10x_tim.o(.text)
    TIM_GetCapture2                          0x0800359b   Thumb Code     6  stm32f10x_tim.o(.text)
    TIM_GetCapture3                          0x080035a1   Thumb Code     6  stm32f10x_tim.o(.text)
    TIM_GetCapture4                          0x080035a7   Thumb Code     8  stm32f10x_tim.o(.text)
    TIM_GetCounter                           0x080035af   Thumb Code     6  stm32f10x_tim.o(.text)
    TIM_GetPrescaler                         0x080035b5   Thumb Code     6  stm32f10x_tim.o(.text)
    TIM_GetFlagStatus                        0x080035bb   Thumb Code    18  stm32f10x_tim.o(.text)
    TIM_ClearFlag                            0x080035cd   Thumb Code     6  stm32f10x_tim.o(.text)
    TIM_GetITStatus                          0x080035d3   Thumb Code    34  stm32f10x_tim.o(.text)
    TIM_ClearITPendingBit                    0x080035f5   Thumb Code     6  stm32f10x_tim.o(.text)
    delay_init                               0x080035fd   Thumb Code    50  delay.o(.text)
    delay_us                                 0x0800362f   Thumb Code    70  delay.o(.text)
    delay_ms                                 0x08003675   Thumb Code    70  delay.o(.text)
    __scatterload                            0x080036cd   Thumb Code    28  init.o(.text)
    __scatterload_rt2                        0x080036cd   Thumb Code     0  init.o(.text)
    __scatterload_copy                       0x080036f1   Thumb Code    14  handlers.o(i.__scatterload_copy)
    __scatterload_null                       0x080036ff   Thumb Code     2  handlers.o(i.__scatterload_null)
    __scatterload_zeroinit                   0x08003701   Thumb Code    14  handlers.o(i.__scatterload_zeroinit)
    Region$$Table$$Base                      0x08003710   Number         0  anon$$obj.o(Region$$Table)
    Region$$Table$$Limit                     0x08003730   Number         0  anon$$obj.o(Region$$Table)
    FirstReadFlag                            0x20000000   Data           1  main.o(.data)
    NetState                                 0x20000001   Data           4  main.o(.data)
    Net_Sel                                  0x20000005   Data           1  main.o(.data)
    ReadTime                                 0x20000006   Data           1  main.o(.data)
    ConnectDevices                           0x20000007   Data           1  main.o(.data)
    FirstWrite                               0x20000008   Data           1  main.o(.data)
    SOG                                      0x2000000c   Data           4  main.o(.data)
    COG                                      0x20000010   Data           4  main.o(.data)
    longitude                                0x20000014   Data           4  main.o(.data)
    latitude                                 0x20000018   Data           4  main.o(.data)
    NS                                       0x2000001c   Data           4  main.o(.data)
    EW                                       0x20000020   Data           4  main.o(.data)
    UTCTime                                  0x20000024   Data           4  main.o(.data)
    UTCDate                                  0x20000028   Data           4  main.o(.data)
    sog_sample_interval                      0x2000002c   Data           4  main.o(.data)
    cog_sample_len                           0x20000030   Data           4  main.o(.data)
    Reply_flag                               0x20000034   Data           1  main.o(.data)
    LeftRightOffset                          0x20000036   Data           2  main.o(.data)
    TailOffset                               0x20000038   Data           2  main.o(.data)
    location                                 0x2000003a   Data           1  main.o(.data)
    SystemCoreClock                          0x2000003c   Data           4  system_stm32f10x.o(.data)
    AHBPrescTable                            0x20000040   Data          16  system_stm32f10x.o(.data)
    validData                                0x20000050   Data           3  sogtransport.o(.data)
    MMSI                                     0x2000006c   Data          12  main.o(.bss)
    Usart1buf                                0x20000078   Data          32  main.o(.bss)
    Usart2buf                                0x20000098   Data          32  main.o(.bss)
    faultCount                               0x200000b8   Data          12  main.o(.bss)
    GPS                                      0x200000c4   Data          56  main.o(.bss)
    SogData                                  0x200000fc   Data          12  sogtransport.o(.bss)
    CogData                                  0x20000108   Data          12  sogtransport.o(.bss)
    __initial_sp                             0x20000518   Data           0  startup_stm32f10x_hd.o(STACK)



==============================================================================

Memory Map of the image

  Image Entry point : 0x08000131

  Load Region LR_IROM1 (Base: 0x08000000, Size: 0x0000379c, Max: 0x00010000, ABSOLUTE)

    Execution Region ER_IROM1 (Base: 0x08000000, Size: 0x00003730, Max: 0x00010000, ABSOLUTE)

    Base Addr    Size         Type   Attr      Idx    E Section Name        Object

    0x08000000   0x00000130   Data   RO          277    RESET               startup_stm32f10x_hd.o
    0x08000130   0x00000000   Code   RO          409  * .ARM.Collect$$$$00000000  mc_w.l(entry.o)
    0x08000130   0x00000004   Code   RO          412    .ARM.Collect$$$$00000001  mc_w.l(entry2.o)
    0x08000134   0x00000004   Code   RO          415    .ARM.Collect$$$$00000004  mc_w.l(entry5.o)
    0x08000138   0x00000000   Code   RO          417    .ARM.Collect$$$$00000008  mc_w.l(entry7b.o)
    0x08000138   0x00000000   Code   RO          419    .ARM.Collect$$$$0000000A  mc_w.l(entry8b.o)
    0x08000138   0x00000008   Code   RO          420    .ARM.Collect$$$$0000000B  mc_w.l(entry9a.o)
    0x08000140   0x00000000   Code   RO          422    .ARM.Collect$$$$0000000D  mc_w.l(entry10a.o)
    0x08000140   0x00000000   Code   RO          424    .ARM.Collect$$$$0000000F  mc_w.l(entry11a.o)
    0x08000140   0x00000004   Code   RO          413    .ARM.Collect$$$$00002712  mc_w.l(entry2.o)
    0x08000144   0x00000028   Code   RO            1    .text               main.o
    0x0800016c   0x0000001a   Code   RO           91    .text               stm32f10x_it.o
    0x08000186   0x00000002   PAD
    0x08000188   0x000001dc   Code   RO          106    .text               system_stm32f10x.o
    0x08000364   0x00000728   Code   RO          124    .text               usart1.o
    0x08000a8c   0x00000710   Code   RO          166    .text               usart2.o
    0x0800119c   0x00000074   Code   RO          182    .text               4052.o
    0x08001210   0x000001a0   Code   RO          206    .text               dectection.o
    0x080013b0   0x000001e0   Code   RO          233    .text               timer.o
    0x08001590   0x000002e0   Code   RO          245    .text               sogtransport.o
    0x08001870   0x00000024   Code   RO          278    .text               startup_stm32f10x_hd.o
    0x08001894   0x000000dc   Code   RO          282    .text               misc.o
    0x08001970   0x0000011c   Code   RO          294    .text               stm32f10x_exti.o
    0x08001a8c   0x00000358   Code   RO          306    .text               stm32f10x_gpio.o
    0x08001de4   0x000003a4   Code   RO          333    .text               stm32f10x_rcc.o
    0x08002188   0x00000408   Code   RO          347    .text               stm32f10x_usart.o
    0x08002590   0x00000250   Code   RO          359    .text               stm32f10x_dma.o
    0x080027e0   0x00000e1a   Code   RO          371    .text               stm32f10x_tim.o
    0x080035fa   0x00000002   PAD
    0x080035fc   0x000000d0   Code   RO          383    .text               delay.o
    0x080036cc   0x00000024   Code   RO          426    .text               mc_w.l(init.o)
    0x080036f0   0x0000000e   Code   RO          430    i.__scatterload_copy  mc_w.l(handlers.o)
    0x080036fe   0x00000002   Code   RO          431    i.__scatterload_null  mc_w.l(handlers.o)
    0x08003700   0x0000000e   Code   RO          432    i.__scatterload_zeroinit  mc_w.l(handlers.o)
    0x0800370e   0x00000002   PAD
    0x08003710   0x00000020   Data   RO          428    Region$$Table       anon$$obj.o


    Execution Region RW_IRAM1 (Base: 0x20000000, Size: 0x00000518, Max: 0x00005000, ABSOLUTE)

    Base Addr    Size         Type   Attr      Idx    E Section Name        Object

    0x20000000   0x0000003b   Data   RW            3    .data               main.o
    0x2000003b   0x00000001   PAD
    0x2000003c   0x00000014   Data   RW          107    .data               system_stm32f10x.o
    0x20000050   0x00000003   Data   RW          247    .data               sogtransport.o
    0x20000053   0x00000014   Data   RW          334    .data               stm32f10x_rcc.o
    0x20000067   0x00000001   PAD
    0x20000068   0x00000004   Data   RW          384    .data               delay.o
    0x2000006c   0x00000090   Zero   RW            2    .bss                main.o
    0x200000fc   0x00000018   Zero   RW          246    .bss                sogtransport.o
    0x20000114   0x00000004   PAD
    0x20000118   0x00000400   Zero   RW          275    STACK               startup_stm32f10x_hd.o


==============================================================================

Image component sizes


      Code (inc. data)   RO Data    RW Data    ZI Data      Debug   Object Name

       116          6          0          0          0        600   4052.o
         0          0          0          0          0         32   core_cm3.o
       416         14          0          0          0       1249   dectection.o
       208         18          0          4          0        935   delay.o
        40          0          0         59        144     262662   main.o
       220         20          0          0          0       1717   misc.o
       736         54          0          3         24       2599   sogtransport.o
        36          8        304          0       1024        748   startup_stm32f10x_hd.o
       592          8          0          0          0       4246   stm32f10x_dma.o
       284         10          0          0          0       2151   stm32f10x_exti.o
       856         40          0          0          0       5561   stm32f10x_gpio.o
        26          0          0          0          0       1138   stm32f10x_it.o
       932         44          0         20          0       8692   stm32f10x_rcc.o
      3610         88          0          0          0      22048   stm32f10x_tim.o
      1032         22          0          0          0       8288   stm32f10x_usart.o
       476         36          0         20          0       1611   system_stm32f10x.o
       480         28          0          0          0       1065   timer.o
      1832         88          0          0          0     210424   usart1.o
      1808        112          0          0          0       3860   usart2.o

    ----------------------------------------------------------------------
     13704        596        336        108       1196     539626   Object Totals
         0          0         32          0          0          0   (incl. Generated)
         4          0          0          2          4          0   (incl. Padding)

    ----------------------------------------------------------------------

      Code (inc. data)   RO Data    RW Data    ZI Data      Debug   Library Member Name

         0          0          0          0          0          0   entry.o
         0          0          0          0          0          0   entry10a.o
         0          0          0          0          0          0   entry11a.o
         8          4          0          0          0          0   entry2.o
         4          0          0          0          0          0   entry5.o
         0          0          0          0          0          0   entry7b.o
         0          0          0          0          0          0   entry8b.o
         8          4          0          0          0          0   entry9a.o
        30          0          0          0          0          0   handlers.o
        36          8          0          0          0         68   init.o

    ----------------------------------------------------------------------
        88         16          0          0          0         68   Library Totals
         2          0          0          0          0          0   (incl. Padding)

    ----------------------------------------------------------------------

      Code (inc. data)   RO Data    RW Data    ZI Data      Debug   Library Name

        86         16          0          0          0         68   mc_w.l

    ----------------------------------------------------------------------
        88         16          0          0          0         68   Library Totals

    ----------------------------------------------------------------------

==============================================================================


      Code (inc. data)   RO Data    RW Data    ZI Data      Debug   

     13792        612        336        108       1196     538082   Grand Totals
     13792        612        336        108       1196     538082   ELF Image Totals
     13792        612        336        108          0          0   ROM Totals

==============================================================================

    Total RO  Size (Code + RO Data)                14128 (  13.80kB)
    Total RW  Size (RW Data + ZI Data)              1304 (   1.27kB)
    Total ROM Size (Code + RO Data + RW Data)      14236 (  13.90kB)

==============================================================================

